// Jest Snapshot v1, https://goo.gl/fbAQLP

exports[`<ToDo /> renders correctly 1`] = `
<main>
  <form
    onSubmit={[Function]}
  >
    <input
      onChange={[Function]}
      placeholder="Type your list"
      required={true}
      type="text"
    />
    <input
      onChange={[Function]}
      placeholder="Difficulty (1 --> 5)"
      required={true}
      type="number"
    />
    <button
      type="submit"
    >
      Assigned To
    </button>
  </form>
</main>
`;
